// Jest Snapshot v1, https://goo.gl/fbAQLP

exports[`Unit test Should render details of coins and compare with Snapshot 1`] = `
<DocumentFragment>
  <ul
    class="detailsCoin"
  >
    <li
      class="detailsSubtitle"
    >
      <img
        alt="10px"
        class="detailsIconSubtitle"
        src=""
      />
      <div
        class="principalDetails"
      >
         
        <div
          class="detailSub subExtra"
        >
          Symbol:
          <h1 />
           
        </div>
        <div
          class="detailSub subExtra"
        >
          Rank:
          <h1 />
           
        </div>
        <a
          class="visit"
          href=""
        >
          Visit WebSite
        </a>
      </div>
    </li>
    <li />
    <li />
    <li>
       
      <div
        class="moreDetails"
      >
        <h1>
          price:          
        </h1>
         
        <h2 />
      </div>
       
    </li>
    <li>
       
      <div
        class="moreDetails"
      >
        <h1>
          priceBtc:       
        </h1>
         
        <h2 />
         
      </div>
    </li>
    <li>
       
      <div
        class="moreDetails"
      >
        <h1>
          volume:         
        </h1>
         
        <h2 />
         
      </div>
    </li>
    <li>
       
      <div
        class="moreDetails"
      >
        <h1>
          marketCap:      
        </h1>
         
        <h2 />
      </div>
       
    </li>
    <li>
       
      <div
        class="moreDetails"
      >
        <h1>
          availableSupple:
        </h1>
         
        <h2 />
      </div>
       
    </li>
    <li>
       
      <div
        class="moreDetails"
      >
        <h1>
          priceChange1h:  
        </h1>
         
        <h2 />
      </div>
       
    </li>
    <li>
       
      <div
        class="moreDetails"
      >
        <h1>
          priceChange1d:  
        </h1>
         
        <h2 />
      </div>
       
    </li>
    <li>
       
      <div
        class="moreDetails"
      >
        <h1>
          priceChange1w:  
        </h1>
         
        <h2 />
      </div>
       
    </li>
    <li
      class="links"
    >
      <h1>
        See More
      </h1>
       
    </li>
  </ul>
</DocumentFragment>
`;
