// Jest Snapshot v1, https://goo.gl/fbAQLP

exports[` Testing Should render details of coins and compare with Snapshot 1`] = `
Object {
  "asFragment": [Function],
  "baseElement": <body>
    <div>
      <a
        class=""
        href="/details"
      >
        <li
          class="contentCoin"
          id=""
        >
          <img
            alt="20px"
            class="coinsDimensions"
            id=""
            src=""
            width="10%"
          />
          <h1
            class="nameCoin"
            id=""
          />
          <h2
            class="priceCoin"
            id=""
          >
            Price:
             
          </h2>
        </li>
      </a>
    </div>
  </body>,
  "container": <div>
    <a
      class=""
      href="/details"
    >
      <li
        class="contentCoin"
        id=""
      >
        <img
          alt="20px"
          class="coinsDimensions"
          id=""
          src=""
          width="10%"
        />
        <h1
          class="nameCoin"
          id=""
        />
        <h2
          class="priceCoin"
          id=""
        >
          Price:
           
        </h2>
      </li>
    </a>
  </div>,
  "debug": [Function],
  "findAllByAltText": [Function],
  "findAllByDisplayValue": [Function],
  "findAllByLabelText": [Function],
  "findAllByPlaceholderText": [Function],
  "findAllByRole": [Function],
  "findAllByTestId": [Function],
  "findAllByText": [Function],
  "findAllByTitle": [Function],
  "findByAltText": [Function],
  "findByDisplayValue": [Function],
  "findByLabelText": [Function],
  "findByPlaceholderText": [Function],
  "findByRole": [Function],
  "findByTestId": [Function],
  "findByText": [Function],
  "findByTitle": [Function],
  "getAllByAltText": [Function],
  "getAllByDisplayValue": [Function],
  "getAllByLabelText": [Function],
  "getAllByPlaceholderText": [Function],
  "getAllByRole": [Function],
  "getAllByTestId": [Function],
  "getAllByText": [Function],
  "getAllByTitle": [Function],
  "getByAltText": [Function],
  "getByDisplayValue": [Function],
  "getByLabelText": [Function],
  "getByPlaceholderText": [Function],
  "getByRole": [Function],
  "getByTestId": [Function],
  "getByText": [Function],
  "getByTitle": [Function],
  "queryAllByAltText": [Function],
  "queryAllByDisplayValue": [Function],
  "queryAllByLabelText": [Function],
  "queryAllByPlaceholderText": [Function],
  "queryAllByRole": [Function],
  "queryAllByTestId": [Function],
  "queryAllByText": [Function],
  "queryAllByTitle": [Function],
  "queryByAltText": [Function],
  "queryByDisplayValue": [Function],
  "queryByLabelText": [Function],
  "queryByPlaceholderText": [Function],
  "queryByRole": [Function],
  "queryByTestId": [Function],
  "queryByText": [Function],
  "queryByTitle": [Function],
  "rerender": [Function],
  "unmount": [Function],
}
`;
